drive.c:11:6:Motor_Init	8	static
drive.c:31:6:Straight_Mode	32	static
drive.c:47:6:Stay_Straight	4	static
drive.c:72:6:Stay_Start_Straight	4	static
drive.c:107:6:Rotation_Mode	24	static
drive.c:129:6:Stay_Rotation	4	static
drive.c:156:6:Wait_Motion	16	static
drive.c:171:6:Wait_Slalom_Out	4	static
drive.c:197:6:Set_Slalom_Params	32	static
drive.c:211:6:Accel_Half_Section	16	static
drive.c:223:6:Forward_One_Section	16	static
drive.c:231:6:Adjust_Forward	16	static
drive.c:240:6:Adjust_Back	8	static
drive.c:251:6:Accel_Known_Section	24	static
drive.c:264:6:Decel_Known_Section	24	static
drive.c:278:6:Decel_Half_Section	16	static
drive.c:294:6:PivotL90	16	static
drive.c:305:6:PivotR90	16	static
drive.c:318:6:PivotL180	16	static
drive.c:325:6:PivotR180	16	static
drive.c:338:6:Slalom_L	16	static
drive.c:353:6:Slalom_R	16	static
drive.c:366:6:SlalomR_V90	4	static
drive.c:371:6:SlalomL_V90	4	static
drive.c:380:6:Motor_Direction_Decide	16	static
drive.c:410:6:Motor_PWM_OUT	24	static
drive.c:444:6:Motor_Drive_Stop	4	static
drive.c:450:6:Drive_Test	4	static
