main.c:71:6:__io_putchar	16	static
main.c:104:5:main	16	static
main.c:199:6:SystemClock_Config	88	static
main.c:243:13:MX_ADC1_Init	24	static
main.c:317:13:MX_ADC2_Init	24	static
main.c:367:13:MX_SPI2_Init	8	static
main.c:405:13:MX_TIM1_Init	56	static
main.c:455:13:MX_TIM2_Init	48	static
main.c:508:13:MX_TIM3_Init	48	static
main.c:561:13:MX_TIM4_Init	32	static
main.c:606:13:MX_TIM5_Init	32	static
main.c:651:13:MX_TIM8_Init	56	static
main.c:701:13:MX_USART3_UART_Init	8	static
main.c:732:13:MX_DMA_Init	16	static
main.c:749:13:MX_GPIO_Init	40	static
main.c:813:6:Error_Handler	4	static
